[2026-09-16T20:21:49.046Z] ═══════════════════════════════════════════
[2026-09-16T20:21:49.067Z]   DERIV VIX 75 BOT — RSI + EMA Strategy
[2026-09-16T20:21:49.068Z] ═══════════════════════════════════════════
[2026-09-16T20:21:49.069Z] Symbol: R_75
[2026-09-16T20:21:49.070Z] Account: 019ea701-b1c0-772b-9fb1-2cb1ee06158f (demo)
[2026-09-16T20:21:49.071Z] Timeframe: 300s
[2026-09-16T20:21:49.072Z] Risk: 5% ($0.50) per trade
[2026-09-16T20:21:49.074Z] Multiplier: x50
[2026-09-16T20:21:49.075Z] Max daily trades: 4
[2026-09-16T20:21:49.076Z] Stop after 2 consecutive losses
[2026-09-16T20:21:49.078Z] ═══════════════════════════════════════════

[2026-09-16T20:21:49.081Z] ⚠️  Google Sheets not configured — skipping
[2026-09-16T20:21:49.082Z] 🔑 Requesting OTP...
[2026-09-16T20:21:50.695Z] ❌ Connection failed: OTP request failed (404): {"errors":[{"code":"AccountNotFound","message":"Account not found","status":404}],"meta":{"endpoint":"/trading/v1/options/accounts/{accountId}/otp","method":"POST","timing":173}}

[2026-09-16T20:21:50.697Z]    Retrying in 10s...
[2026-09-16T20:22:00.713Z] 🔑 Requesting OTP...
[2026-09-16T20:22:01.809Z] ❌ Connection failed: OTP request failed (404): {"errors":[{"code":"AccountNotFound","message":"Account not found","status":404}],"meta":{"endpoint":"/trading/v1/options/accounts/{accountId}/otp","method":"POST","timing":194}}

[2026-09-16T20:22:01.811Z]    Retrying in 10s...
[2026-09-16T20:22:11.814Z] 🔑 Requesting OTP...
[2026-09-16T20:22:13.071Z] ❌ Connection failed: OTP request failed (404): {"errors":[{"code":"AccountNotFound","message":"Account not found","status":404}],"meta":{"endpoint":"/trading/v1/options/accounts/{accountId}/otp","method":"POST","timing":184}}

[2026-09-16T20:22:13.074Z]    Retrying in 10s...
[2026-09-16T20:28:26.335Z] ═══════════════════════════════════════════
[2026-09-16T20:28:26.355Z]   DERIV VIX 75 BOT — RSI + EMA Strategy
[2026-09-16T20:28:26.357Z] ═══════════════════════════════════════════
[2026-09-16T20:28:26.359Z] Symbol: R_75
[2026-09-16T20:28:26.360Z] Account type: Legacy WebSocket API
[2026-09-16T20:28:26.361Z] Timeframe: 300s
[2026-09-16T20:28:26.362Z] Risk: 5% ($0.50) per trade
[2026-09-16T20:28:26.364Z] Multiplier: x50
[2026-09-16T20:28:26.365Z] Max daily trades: 4
[2026-09-16T20:28:26.367Z] Stop after 2 consecutive losses
[2026-09-16T20:28:26.369Z] ═══════════════════════════════════════════

[2026-09-16T20:28:26.370Z] ⚠️  Google Sheets not configured — skipping
[2026-09-16T20:28:26.373Z] Connecting to Deriv API...
[2026-09-16T20:28:30.045Z] WebSocket error: Unexpected server response: 401
[2026-09-16T20:28:30.049Z] ❌ Disconnected. Reconnecting in 5s...
[2026-09-16T20:28:35.055Z] Connecting to Deriv API...
[2026-09-16T20:28:36.136Z] WebSocket error: Unexpected server response: 401
[2026-09-16T20:28:36.139Z] ❌ Disconnected. Reconnecting in 5s...
[2026-09-16T20:28:41.148Z] Connecting to Deriv API...
[2026-09-16T20:28:42.250Z] WebSocket error: Unexpected server response: 401
[2026-09-16T20:28:42.254Z] ❌ Disconnected. Reconnecting in 5s...
[2026-09-16T20:28:47.266Z] Connecting to Deriv API...
[2026-09-16T20:28:48.330Z] WebSocket error: Unexpected server response: 401
[2026-09-16T20:28:48.334Z] ❌ Disconnected. Reconnecting in 5s...
[2026-09-16T20:28:53.347Z] Connecting to Deriv API...
[2026-09-16T20:28:54.543Z] WebSocket error: Unexpected server response: 401
[2026-09-16T20:28:54.545Z] ❌ Disconnected. Reconnecting in 5s...
[2026-09-16T20:28:59.550Z] Connecting to Deriv API...
[2026-09-16T20:29:00.540Z] WebSocket error: Unexpected server response: 401
[2026-09-16T20:29:00.542Z] ❌ Disconnected. Reconnecting in 5s...
[2026-09-16T20:29:05.548Z] Connecting to Deriv API...
[2026-09-16T20:29:06.615Z] WebSocket error: Unexpected server response: 401
[2026-09-16T20:29:06.619Z] ❌ Disconnected. Reconnecting in 5s...
[2026-09-16T20:29:11.634Z] Connecting to Deriv API...
[2026-09-16T20:29:12.735Z] WebSocket error: Unexpected server response: 401
[2026-09-16T20:29:12.737Z] ❌ Disconnected. Reconnecting in 5s...
[2026-09-16T20:29:17.748Z] Connecting to Deriv API...
[2026-09-16T20:29:18.729Z] WebSocket error: Unexpected server response: 401
[2026-09-16T20:29:18.737Z] ❌ Disconnected. Reconnecting in 5s...
[2026-09-16T20:29:23.747Z] Connecting to Deriv API...
[2026-09-16T20:29:24.809Z] WebSocket error: Unexpected server response: 401
[2026-09-16T20:29:24.813Z] ❌ Disconnected. Reconnecting in 5s...
[2026-09-16T20:29:29.832Z] Connecting to Deriv API...
[2026-09-16T20:29:30.804Z] WebSocket error: Unexpected server response: 401
[2026-09-16T20:29:30.809Z] ❌ Disconnected. Reconnecting in 5s...
[2026-09-16T20:29:35.821Z] Connecting to Deriv API...
[2026-09-16T20:29:36.861Z] WebSocket error: Unexpected server response: 401
[2026-09-16T20:29:36.865Z] ❌ Disconnected. Reconnecting in 5s...
[2026-09-16T20:29:41.874Z] Connecting to Deriv API...
[2026-09-16T20:29:42.895Z] WebSocket error: Unexpected server response: 401
[2026-09-16T20:29:42.896Z] ❌ Disconnected. Reconnecting in 5s...
[2026-09-16T20:29:47.904Z] Connecting to Deriv API...
[2026-09-16T20:29:48.948Z] WebSocket error: Unexpected server response: 401
[2026-09-16T20:29:48.950Z] ❌ Disconnected. Reconnecting in 5s...
[2026-09-16T20:29:53.963Z] Connecting to Deriv API...
[2026-09-16T20:29:55.090Z] WebSocket error: Unexpected server response: 401
[2026-09-16T20:29:55.110Z] ❌ Disconnected. Reconnecting in 5s...
[2026-09-16T20:30:00.120Z] Connecting to Deriv API...
[2026-09-16T20:30:01.203Z] WebSocket error: Unexpected server response: 401
[2026-09-16T20:30:01.211Z] ❌ Disconnected. Reconnecting in 5s...
[2026-09-16T20:30:06.217Z] Connecting to Deriv API...
[2026-09-16T20:30:07.322Z] WebSocket error: Unexpected server response: 401
[2026-09-16T20:30:07.324Z] ❌ Disconnected. Reconnecting in 5s...
[2026-09-16T20:30:12.332Z] Connecting to Deriv API...
[2026-09-16T20:30:13.483Z] WebSocket error: Unexpected server response: 401
[2026-09-16T20:30:13.485Z] ❌ Disconnected. Reconnecting in 5s...
[2026-09-16T20:30:18.496Z] Connecting to Deriv API...
[2026-09-16T20:30:19.627Z] WebSocket error: Unexpected server response: 401
[2026-09-16T20:30:19.629Z] ❌ Disconnected. Reconnecting in 5s...
[2026-09-16T20:30:24.636Z] Connecting to Deriv API...
[2026-09-16T20:30:25.813Z] WebSocket error: Unexpected server response: 401
[2026-09-16T20:30:25.815Z] ❌ Disconnected. Reconnecting in 5s...
[2026-09-16T20:30:30.829Z] Connecting to Deriv API...
[2026-09-16T20:30:31.963Z] WebSocket error: Unexpected server response: 401
[2026-09-16T20:30:31.964Z] ❌ Disconnected. Reconnecting in 5s...
[2026-09-16T20:30:36.978Z] Connecting to Deriv API...
[2026-09-16T20:30:38.101Z] WebSocket error: Unexpected server response: 401
[2026-09-16T20:30:38.112Z] ❌ Disconnected. Reconnecting in 5s...
[2026-09-16T20:30:43.126Z] Connecting to Deriv API...
[2026-09-16T20:30:44.294Z] WebSocket error: Unexpected server response: 401
[2026-09-16T20:30:44.299Z] ❌ Disconnected. Reconnecting in 5s...
[2026-09-16T20:30:49.313Z] Connecting to Deriv API...
[2026-09-16T20:30:50.516Z] WebSocket error: Unexpected server response: 401
[2026-09-16T20:30:50.531Z] ❌ Disconnected. Reconnecting in 5s...
[2026-09-16T20:30:55.535Z] Connecting to Deriv API...
[2026-09-16T20:30:56.968Z] WebSocket error: Unexpected server response: 401
[2026-09-16T20:30:56.973Z] ❌ Disconnected. Reconnecting in 5s...
[2026-09-16T20:31:01.982Z] Connecting to Deriv API...
[2026-09-16T20:31:03.068Z] WebSocket error: Unexpected server response: 401
[2026-09-16T20:31:03.071Z] ❌ Disconnected. Reconnecting in 5s...
[2026-09-16T20:31:08.084Z] Connecting to Deriv API...
[2026-09-16T20:31:09.156Z] WebSocket error: Unexpected server response: 401
[2026-09-16T20:31:09.161Z] ❌ Disconnected. Reconnecting in 5s...
[2026-09-16T20:31:14.168Z] Connecting to Deriv API...
[2026-09-16T20:31:15.264Z] WebSocket error: Unexpected server response: 401
[2026-09-16T20:31:15.267Z] ❌ Disconnected. Reconnecting in 5s...
[2026-09-16T20:31:20.277Z] Connecting to Deriv API...
[2026-09-16T20:31:21.285Z] WebSocket error: Unexpected server response: 401
[2026-09-16T20:31:21.290Z] ❌ Disconnected. Reconnecting in 5s...
[2026-09-16T20:31:26.294Z] Connecting to Deriv API...
[2026-09-16T20:31:27.406Z] WebSocket error: Unexpected server response: 401
[2026-09-16T20:31:27.408Z] ❌ Disconnected. Reconnecting in 5s...
[2026-09-16T20:31:32.412Z] Connecting to Deriv API...
[2026-09-16T20:31:33.483Z] WebSocket error: Unexpected server response: 401
[2026-09-16T20:31:33.492Z] ❌ Disconnected. Reconnecting in 5s...
[2026-09-16T20:31:38.498Z] Connecting to Deriv API...
[2026-09-16T20:31:39.827Z] WebSocket error: Unexpected server response: 401
[2026-09-16T20:31:39.831Z] ❌ Disconnected. Reconnecting in 5s...
[2026-09-16T20:31:44.847Z] Connecting to Deriv API...
[2026-09-16T20:31:45.940Z] WebSocket error: Unexpected server response: 401
[2026-09-16T20:31:45.943Z] ❌ Disconnected. Reconnecting in 5s...
[2026-09-16T20:31:50.949Z] Connecting to Deriv API...
[2026-09-16T20:31:52.007Z] WebSocket error: Unexpected server response: 401
[2026-09-16T20:31:52.013Z] ❌ Disconnected. Reconnecting in 5s...
[2026-09-16T20:31:57.021Z] Connecting to Deriv API...
[2026-09-16T20:31:58.045Z] WebSocket error: Unexpected server response: 401
[2026-09-16T20:31:58.048Z] ❌ Disconnected. Reconnecting in 5s...
[2026-09-16T20:32:03.062Z] Connecting to Deriv API...
[2026-09-16T20:32:04.087Z] WebSocket error: Unexpected server response: 401
[2026-09-16T20:32:04.088Z] ❌ Disconnected. Reconnecting in 5s...
[2026-09-16T20:32:09.098Z] Connecting to Deriv API...
[2026-09-16T20:32:10.204Z] WebSocket error: Unexpected server response: 401
[2026-09-16T20:32:10.207Z] ❌ Disconnected. Reconnecting in 5s...
[2026-09-16T20:32:15.218Z] Connecting to Deriv API...
[2026-09-16T20:32:16.505Z] WebSocket error: Unexpected server response: 401
[2026-09-16T20:32:16.506Z] ❌ Disconnected. Reconnecting in 5s...
[2026-09-16T20:32:21.515Z] Connecting to Deriv API...
[2026-09-16T20:32:22.642Z] WebSocket error: Unexpected server response: 401
[2026-09-16T20:32:22.679Z] ❌ Disconnected. Reconnecting in 5s...
[2026-09-16T20:32:27.714Z] Connecting to Deriv API...
[2026-09-16T20:32:28.810Z] WebSocket error: Unexpected server response: 401
[2026-09-16T20:32:28.816Z] ❌ Disconnected. Reconnecting in 5s...
[2026-09-16T20:32:33.845Z] Connecting to Deriv API...
[2026-09-16T20:32:34.911Z] WebSocket error: Unexpected server response: 401
[2026-09-16T20:32:35.118Z] ❌ Disconnected. Reconnecting in 5s...
[2026-09-16T20:32:40.132Z] Connecting to Deriv API...
[2026-09-16T20:32:41.493Z] WebSocket error: Unexpected server response: 401
[2026-09-16T20:32:41.494Z] ❌ Disconnected. Reconnecting in 5s...
[2026-09-16T20:32:46.497Z] Connecting to Deriv API...
[2026-09-16T20:32:47.569Z] WebSocket error: Unexpected server response: 401
[2026-09-16T20:32:47.573Z] ❌ Disconnected. Reconnecting in 5s...
[2026-09-16T20:32:52.589Z] Connecting to Deriv API...
[2026-09-16T20:32:53.697Z] WebSocket error: Unexpected server response: 401
[2026-09-16T20:32:53.699Z] ❌ Disconnected. Reconnecting in 5s...
[2026-09-16T20:32:58.704Z] Connecting to Deriv API...
[2026-09-16T20:32:59.736Z] WebSocket error: Unexpected server response: 401
[2026-09-16T20:32:59.741Z] ❌ Disconnected. Reconnecting in 5s...
[2026-09-16T20:33:04.755Z] Connecting to Deriv API...
[2026-09-16T20:33:05.884Z] WebSocket error: Unexpected server response: 401
[2026-09-16T20:33:05.888Z] ❌ Disconnected. Reconnecting in 5s...
[2026-09-16T20:33:10.904Z] Connecting to Deriv API...
[2026-09-16T20:33:11.984Z] WebSocket error: Unexpected server response: 401
[2026-09-16T20:33:11.989Z] ❌ Disconnected. Reconnecting in 5s...
[2026-09-16T20:33:16.998Z] Connecting to Deriv API...
[2026-09-16T20:33:18.109Z] WebSocket error: Unexpected server response: 401
[2026-09-16T20:33:18.111Z] ❌ Disconnected. Reconnecting in 5s...
[2026-09-16T20:33:23.119Z] Connecting to Deriv API...
[2026-09-16T20:33:24.444Z] WebSocket error: Unexpected server response: 401
[2026-09-16T20:33:24.451Z] ❌ Disconnected. Reconnecting in 5s...
[2026-09-16T20:33:29.504Z] Connecting to Deriv API...
[2026-09-16T20:33:30.894Z] WebSocket error: Unexpected server response: 401
[2026-09-16T20:33:30.899Z] ❌ Disconnected. Reconnecting in 5s...
[2026-09-16T20:33:35.903Z] Connecting to Deriv API...
[2026-09-16T20:33:36.890Z] WebSocket error: Unexpected server response: 401
[2026-09-16T20:33:36.893Z] ❌ Disconnected. Reconnecting in 5s...
[2026-09-16T20:33:41.907Z] Connecting to Deriv API...
[2026-09-16T20:33:42.964Z] WebSocket error: Unexpected server response: 401
[2026-09-16T20:33:42.969Z] ❌ Disconnected. Reconnecting in 5s...
[2026-09-16T20:33:47.989Z] Connecting to Deriv API...
[2026-09-16T20:33:49.025Z] WebSocket error: Unexpected server response: 401
[2026-09-16T20:33:49.030Z] ❌ Disconnected. Reconnecting in 5s...
[2026-09-16T20:33:54.036Z] Connecting to Deriv API...
[2026-09-16T20:33:54.966Z] WebSocket error: Unexpected server response: 401
[2026-09-16T20:33:54.971Z] ❌ Disconnected. Reconnecting in 5s...
[2026-09-16T20:33:59.981Z] Connecting to Deriv API...
[2026-09-16T20:34:01.108Z] WebSocket error: Unexpected server response: 401
[2026-09-16T20:34:01.114Z] ❌ Disconnected. Reconnecting in 5s...
[2026-09-16T20:34:06.125Z] Connecting to Deriv API...
[2026-09-16T20:34:07.224Z] WebSocket error: Unexpected server response: 401
[2026-09-16T20:34:07.228Z] ❌ Disconnected. Reconnecting in 5s...
[2026-09-16T20:34:12.242Z] Connecting to Deriv API...
[2026-09-16T20:34:13.322Z] WebSocket error: Unexpected server response: 401
[2026-09-16T20:34:13.325Z] ❌ Disconnected. Reconnecting in 5s...
[2026-09-16T20:34:18.341Z] Connecting to Deriv API...
[2026-09-16T20:34:19.526Z] WebSocket error: Unexpected server response: 401
[2026-09-16T20:34:19.530Z] ❌ Disconnected. Reconnecting in 5s...
[2026-09-16T20:34:24.546Z] Connecting to Deriv API...
[2026-09-16T20:34:25.589Z] WebSocket error: Unexpected server response: 401
[2026-09-16T20:34:25.594Z] ❌ Disconnected. Reconnecting in 5s...
[2026-09-16T20:34:30.602Z] Connecting to Deriv API...
[2026-09-16T20:34:31.606Z] WebSocket error: Unexpected server response: 401
[2026-09-16T20:34:31.610Z] ❌ Disconnected. Reconnecting in 5s...
[2026-09-16T20:34:36.623Z] Connecting to Deriv API...
[2026-09-16T20:34:37.706Z] WebSocket error: Unexpected server response: 401
[2026-09-16T20:34:37.740Z] ❌ Disconnected. Reconnecting in 5s...
[2026-09-16T20:34:42.756Z] Connecting to Deriv API...
[2026-09-16T20:34:43.765Z] WebSocket error: Unexpected server response: 401
[2026-09-16T20:34:43.767Z] ❌ Disconnected. Reconnecting in 5s...
[2026-09-16T20:34:48.782Z] Connecting to Deriv API...
[2026-09-16T20:34:49.864Z] WebSocket error: Unexpected server response: 401
[2026-09-16T20:34:49.867Z] ❌ Disconnected. Reconnecting in 5s...
[2026-09-16T20:34:54.874Z] Connecting to Deriv API...
[2026-09-16T20:34:56.104Z] WebSocket error: Unexpected server response: 401
[2026-09-16T20:34:56.109Z] ❌ Disconnected. Reconnecting in 5s...
[2026-09-16T20:35:01.116Z] Connecting to Deriv API...
[2026-09-16T20:35:02.201Z] WebSocket error: Unexpected server response: 401
[2026-09-16T20:35:02.203Z] ❌ Disconnected. Reconnecting in 5s...
[2026-09-16T20:35:07.221Z] Connecting to Deriv API...
[2026-09-16T20:35:08.583Z] WebSocket error: Unexpected server response: 401
[2026-09-16T20:35:08.585Z] ❌ Disconnected. Reconnecting in 5s...
[2026-09-16T20:35:13.589Z] Connecting to Deriv API...
[2026-09-16T20:35:14.892Z] WebSocket error: Unexpected server response: 401
[2026-09-16T20:35:14.895Z] ❌ Disconnected. Reconnecting in 5s...
[2026-09-16T20:35:19.896Z] Connecting to Deriv API...
[2026-09-16T20:35:20.930Z] WebSocket error: Unexpected server response: 401
[2026-09-16T20:35:20.934Z] ❌ Disconnected. Reconnecting in 5s...
[2026-09-16T20:35:25.937Z] Connecting to Deriv API...
[2026-09-16T20:35:27.091Z] WebSocket error: Unexpected server response: 401
[2026-09-16T20:35:27.093Z] ❌ Disconnected. Reconnecting in 5s...
[2026-09-16T20:35:32.106Z] Connecting to Deriv API...
[2026-09-16T20:35:33.341Z] WebSocket error: Unexpected server response: 401
[2026-09-16T20:35:33.346Z] ❌ Disconnected. Reconnecting in 5s...
[2026-09-16T20:35:38.351Z] Connecting to Deriv API...
[2026-09-16T20:35:39.451Z] WebSocket error: Unexpected server response: 401
[2026-09-16T20:35:39.454Z] ❌ Disconnected. Reconnecting in 5s...
[2026-09-16T20:35:44.456Z] Connecting to Deriv API...
[2026-09-16T20:35:45.508Z] WebSocket error: Unexpected server response: 401
[2026-09-16T20:35:45.514Z] ❌ Disconnected. Reconnecting in 5s...
[2026-09-16T20:35:50.523Z] Connecting to Deriv API...
[2026-09-16T20:35:51.540Z] WebSocket error: Unexpected server response: 401
[2026-09-16T20:35:51.543Z] ❌ Disconnected. Reconnecting in 5s...
[2026-09-16T20:35:56.545Z] Connecting to Deriv API...
[2026-09-16T20:35:57.663Z] WebSocket error: Unexpected server response: 401
[2026-09-16T20:35:57.665Z] ❌ Disconnected. Reconnecting in 5s...
[2026-09-16T20:36:02.667Z] Connecting to Deriv API...
[2026-09-16T20:36:03.744Z] WebSocket error: Unexpected server response: 401
[2026-09-16T20:36:03.745Z] ❌ Disconnected. Reconnecting in 5s...
[2026-09-16T20:36:08.748Z] Connecting to Deriv API...
[2026-09-16T20:36:09.914Z] WebSocket error: Unexpected server response: 401
[2026-09-16T20:36:09.919Z] ❌ Disconnected. Reconnecting in 5s...
[2026-09-16T20:36:14.928Z] Connecting to Deriv API...
[2026-09-16T20:36:16.032Z] WebSocket error: Unexpected server response: 401
[2026-09-16T20:36:16.035Z] ❌ Disconnected. Reconnecting in 5s...
[2026-09-16T20:36:21.038Z] Connecting to Deriv API...
[2026-09-16T20:36:22.025Z] WebSocket error: Unexpected server response: 401
[2026-09-16T20:36:22.029Z] ❌ Disconnected. Reconnecting in 5s...
[2026-09-16T20:36:27.045Z] Connecting to Deriv API...
[2026-09-16T20:36:28.145Z] WebSocket error: Unexpected server response: 401
[2026-09-16T20:36:28.147Z] ❌ Disconnected. Reconnecting in 5s...
[2026-09-16T20:36:33.153Z] Connecting to Deriv API...
[2026-09-16T20:36:34.441Z] WebSocket error: Unexpected server response: 401
[2026-09-16T20:36:34.445Z] ❌ Disconnected. Reconnecting in 5s...
[2026-09-16T20:36:39.460Z] Connecting to Deriv API...
[2026-09-16T20:36:40.941Z] WebSocket error: Unexpected server response: 401
[2026-09-16T20:36:40.944Z] ❌ Disconnected. Reconnecting in 5s...
[2026-09-16T20:36:45.959Z] Connecting to Deriv API...
[2026-09-16T20:36:47.006Z] WebSocket error: Unexpected server response: 401
[2026-09-16T20:36:47.009Z] ❌ Disconnected. Reconnecting in 5s...
[2026-09-16T20:36:52.170Z] Connecting to Deriv API...
[2026-09-16T20:36:53.520Z] WebSocket error: Unexpected server response: 401
[2026-09-16T20:36:53.524Z] ❌ Disconnected. Reconnecting in 5s...
[2026-09-16T20:36:58.531Z] Connecting to Deriv API...
[2026-09-16T20:36:59.545Z] WebSocket error: Unexpected server response: 401
[2026-09-16T20:36:59.548Z] ❌ Disconnected. Reconnecting in 5s...
[2026-09-16T20:37:04.560Z] Connecting to Deriv API...
[2026-09-16T20:37:05.740Z] WebSocket error: Unexpected server response: 401
[2026-09-16T20:37:05.744Z] ❌ Disconnected. Reconnecting in 5s...
[2026-09-16T20:37:10.756Z] Connecting to Deriv API...
[2026-09-16T20:37:11.786Z] WebSocket error: Unexpected server response: 401
[2026-09-16T20:37:11.789Z] ❌ Disconnected. Reconnecting in 5s...
[2026-09-16T20:37:16.803Z] Connecting to Deriv API...
[2026-09-16T20:37:17.828Z] WebSocket error: Unexpected server response: 401
[2026-09-16T20:37:17.832Z] ❌ Disconnected. Reconnecting in 5s...
[2026-09-16T20:37:22.839Z] Connecting to Deriv API...
[2026-09-16T20:37:23.992Z] WebSocket error: Unexpected server response: 401
[2026-09-16T20:37:23.997Z] ❌ Disconnected. Reconnecting in 5s...
[2026-09-16T20:37:29.005Z] Connecting to Deriv API...
[2026-09-16T20:37:30.041Z] WebSocket error: Unexpected server response: 401
[2026-09-16T20:37:30.046Z] ❌ Disconnected. Reconnecting in 5s...
[2026-09-16T20:37:35.053Z] Connecting to Deriv API...
[2026-09-16T20:37:36.128Z] WebSocket error: Unexpected server response: 401
[2026-09-16T20:37:36.137Z] ❌ Disconnected. Reconnecting in 5s...
[2026-09-16T20:37:41.144Z] Connecting to Deriv API...
[2026-09-16T20:37:42.230Z] WebSocket error: Unexpected server response: 401
[2026-09-16T20:37:42.246Z] ❌ Disconnected. Reconnecting in 5s...
[2026-09-16T20:37:47.267Z] Connecting to Deriv API...
[2026-09-16T20:37:48.462Z] WebSocket error: Unexpected server response: 401
[2026-09-16T20:37:48.463Z] ❌ Disconnected. Reconnecting in 5s...
[2026-09-16T20:37:53.469Z] Connecting to Deriv API...
[2026-09-16T20:37:54.582Z] WebSocket error: Unexpected server response: 401
[2026-09-16T20:37:54.589Z] ❌ Disconnected. Reconnecting in 5s...
[2026-09-16T20:37:59.596Z] Connecting to Deriv API...
[2026-09-16T20:38:00.731Z] WebSocket error: Unexpected server response: 401
[2026-09-16T20:38:00.741Z] ❌ Disconnected. Reconnecting in 5s...
[2026-09-16T20:38:05.753Z] Connecting to Deriv API...
[2026-09-16T20:38:07.214Z] WebSocket error: Unexpected server response: 401
[2026-09-16T20:38:07.217Z] ❌ Disconnected. Reconnecting in 5s...
[2026-09-16T20:38:12.234Z] Connecting to Deriv API...
[2026-09-16T20:38:13.321Z] WebSocket error: Unexpected server response: 401
[2026-09-16T20:38:13.323Z] ❌ Disconnected. Reconnecting in 5s...
[2026-09-16T20:38:18.330Z] Connecting to Deriv API...
[2026-09-16T20:38:19.320Z] WebSocket error: Unexpected server response: 401
[2026-09-16T20:38:19.322Z] ❌ Disconnected. Reconnecting in 5s...
[2026-09-16T20:38:24.337Z] Connecting to Deriv API...
[2026-09-16T20:38:25.678Z] WebSocket error: Unexpected server response: 401
[2026-09-16T20:38:25.680Z] ❌ Disconnected. Reconnecting in 5s...
[2026-09-16T20:38:30.686Z] Connecting to Deriv API...
[2026-09-16T20:38:31.801Z] WebSocket error: Unexpected server response: 401
[2026-09-16T20:38:31.803Z] ❌ Disconnected. Reconnecting in 5s...
[2026-09-16T20:38:36.819Z] Connecting to Deriv API...
[2026-09-16T20:38:38.136Z] WebSocket error: Unexpected server response: 401
[2026-09-16T20:38:38.137Z] ❌ Disconnected. Reconnecting in 5s...
[2026-09-16T20:38:43.140Z] Connecting to Deriv API...
[2026-09-16T20:38:44.905Z] WebSocket error: Unexpected server response: 401
[2026-09-16T20:38:44.908Z] ❌ Disconnected. Reconnecting in 5s...
[2026-09-16T20:38:49.923Z] Connecting to Deriv API...
[2026-09-16T20:38:51.042Z] WebSocket error: Unexpected server response: 401
[2026-09-16T20:38:51.045Z] ❌ Disconnected. Reconnecting in 5s...
[2026-09-16T20:38:56.067Z] Connecting to Deriv API...
[2026-09-16T20:38:57.162Z] WebSocket error: Unexpected server response: 401
[2026-09-16T20:38:57.171Z] ❌ Disconnected. Reconnecting in 5s...
[2026-09-16T20:39:02.186Z] Connecting to Deriv API...
[2026-09-16T20:39:03.524Z] WebSocket error: Unexpected server response: 401
[2026-09-16T20:39:03.527Z] ❌ Disconnected. Reconnecting in 5s...
[2026-09-16T20:39:08.539Z] Connecting to Deriv API...
[2026-09-16T20:39:09.743Z] WebSocket error: Unexpected server response: 401
[2026-09-16T20:39:09.753Z] ❌ Disconnected. Reconnecting in 5s...
[2026-09-16T20:39:14.758Z] Connecting to Deriv API...
[2026-09-16T20:39:15.923Z] WebSocket error: Unexpected server response: 401
[2026-09-16T20:39:15.925Z] ❌ Disconnected. Reconnecting in 5s...
[2026-09-16T20:39:20.939Z] Connecting to Deriv API...
[2026-09-16T20:39:22.208Z] WebSocket error: Unexpected server response: 401
[2026-09-16T20:39:22.218Z] ❌ Disconnected. Reconnecting in 5s...
[2026-09-16T20:39:27.226Z] Connecting to Deriv API...
[2026-09-16T20:39:28.344Z] WebSocket error: Unexpected server response: 401
[2026-09-16T20:39:28.353Z] ❌ Disconnected. Reconnecting in 5s...
[2026-09-16T20:39:33.358Z] Connecting to Deriv API...
[2026-09-16T20:39:34.442Z] WebSocket error: Unexpected server response: 401
[2026-09-16T20:39:34.456Z] ❌ Disconnected. Reconnecting in 5s...
[2026-09-16T20:39:39.469Z] Connecting to Deriv API...
[2026-09-16T20:39:40.568Z] WebSocket error: Unexpected server response: 401
[2026-09-16T20:39:40.575Z] ❌ Disconnected. Reconnecting in 5s...
[2026-09-16T20:39:45.585Z] Connecting to Deriv API...
[2026-09-16T20:39:46.691Z] WebSocket error: Unexpected server response: 401
[2026-09-16T20:39:46.692Z] ❌ Disconnected. Reconnecting in 5s...
[2026-09-16T20:39:51.705Z] Connecting to Deriv API...
[2026-09-16T20:39:52.820Z] WebSocket error: Unexpected server response: 401
[2026-09-16T20:39:52.822Z] ❌ Disconnected. Reconnecting in 5s...
[2026-09-16T20:39:57.837Z] Connecting to Deriv API...
[2026-09-16T20:39:58.920Z] WebSocket error: Unexpected server response: 401
[2026-09-16T20:39:58.922Z] ❌ Disconnected. Reconnecting in 5s...
[2026-09-16T20:40:03.932Z] Connecting to Deriv API...
[2026-09-16T20:40:05.301Z] WebSocket error: Unexpected server response: 401
[2026-09-16T20:40:05.302Z] ❌ Disconnected. Reconnecting in 5s...
[2026-09-16T20:40:10.310Z] Connecting to Deriv API...
[2026-09-16T20:40:11.302Z] WebSocket error: Unexpected server response: 401
[2026-09-16T20:40:11.304Z] ❌ Disconnected. Reconnecting in 5s...
[2026-09-16T20:40:16.315Z] Connecting to Deriv API...
[2026-09-16T20:40:17.855Z] WebSocket error: Unexpected server response: 401
[2026-09-16T20:40:17.858Z] ❌ Disconnected. Reconnecting in 5s...
[2026-09-16T20:40:22.876Z] Connecting to Deriv API...
[2026-09-16T20:40:23.998Z] WebSocket error: Unexpected server response: 401
[2026-09-16T20:40:24.000Z] ❌ Disconnected. Reconnecting in 5s...
[2026-09-16T20:40:29.010Z] Connecting to Deriv API...
[2026-09-16T20:40:30.242Z] WebSocket error: Unexpected server response: 401
[2026-09-16T20:40:30.273Z] ❌ Disconnected. Reconnecting in 5s...
[2026-09-16T20:40:35.285Z] Connecting to Deriv API...
[2026-09-16T20:40:36.326Z] WebSocket error: Unexpected server response: 401
[2026-09-16T20:40:36.332Z] ❌ Disconnected. Reconnecting in 5s...
[2026-09-16T20:40:41.341Z] Connecting to Deriv API...
[2026-09-16T20:40:42.338Z] WebSocket error: Unexpected server response: 401
[2026-09-16T20:40:42.341Z] ❌ Disconnected. Reconnecting in 5s...
[2026-09-16T20:40:47.381Z] Connecting to Deriv API...
[2026-09-16T20:40:48.398Z] WebSocket error: Unexpected server response: 401
[2026-09-16T20:40:48.399Z] ❌ Disconnected. Reconnecting in 5s...
[2026-09-16T20:40:53.406Z] Connecting to Deriv API...
[2026-09-16T20:40:54.400Z] WebSocket error: Unexpected server response: 401
[2026-09-16T20:40:54.405Z] ❌ Disconnected. Reconnecting in 5s...
[2026-09-16T20:40:59.423Z] Connecting to Deriv API...
[2026-09-16T20:41:00.465Z] WebSocket error: Unexpected server response: 401
[2026-09-16T20:41:00.468Z] ❌ Disconnected. Reconnecting in 5s...
[2026-09-16T20:41:05.471Z] Connecting to Deriv API...
[2026-09-16T20:41:06.531Z] WebSocket error: Unexpected server response: 401
[2026-09-16T20:41:06.533Z] ❌ Disconnected. Reconnecting in 5s...
[2026-09-16T20:41:11.535Z] Connecting to Deriv API...
[2026-09-16T20:41:12.518Z] WebSocket error: Unexpected server response: 401
[2026-09-16T20:41:12.519Z] ❌ Disconnected. Reconnecting in 5s...
[2026-09-16T20:41:17.526Z] Connecting to Deriv API...
[2026-09-16T20:41:18.653Z] WebSocket error: Unexpected server response: 401
[2026-09-16T20:41:18.685Z] ❌ Disconnected. Reconnecting in 5s...
[2026-09-16T20:41:23.698Z] Connecting to Deriv API...
[2026-09-16T20:41:24.877Z] WebSocket error: Unexpected server response: 401
[2026-09-16T20:41:24.879Z] ❌ Disconnected. Reconnecting in 5s...
[2026-09-16T20:41:29.887Z] Connecting to Deriv API...
[2026-09-16T20:41:30.934Z] WebSocket error: Unexpected server response: 401
[2026-09-16T20:41:30.936Z] ❌ Disconnected. Reconnecting in 5s...
[2026-09-16T20:41:35.940Z] Connecting to Deriv API...
[2026-09-16T20:41:36.959Z] WebSocket error: Unexpected server response: 401
[2026-09-16T20:41:36.961Z] ❌ Disconnected. Reconnecting in 5s...
[2026-09-16T20:41:41.972Z] Connecting to Deriv API...
[2026-09-16T20:41:43.000Z] WebSocket error: Unexpected server response: 401
[2026-09-16T20:41:43.011Z] ❌ Disconnected. Reconnecting in 5s...
[2026-09-16T20:41:48.029Z] Connecting to Deriv API...
[2026-09-16T20:41:49.077Z] WebSocket error: Unexpected server response: 401
[2026-09-16T20:41:49.078Z] ❌ Disconnected. Reconnecting in 5s...
[2026-09-16T20:41:54.090Z] Connecting to Deriv API...
[2026-09-16T20:41:55.197Z] WebSocket error: Unexpected server response: 401
[2026-09-16T20:41:55.199Z] ❌ Disconnected. Reconnecting in 5s...
[2026-09-16T20:42:00.262Z] Connecting to Deriv API...
[2026-09-16T20:42:01.563Z] WebSocket error: Unexpected server response: 401
[2026-09-16T20:42:01.564Z] ❌ Disconnected. Reconnecting in 5s...
[2026-09-16T20:42:06.573Z] Connecting to Deriv API...
[2026-09-16T20:42:07.611Z] WebSocket error: Unexpected server response: 401
[2026-09-16T20:42:07.614Z] ❌ Disconnected. Reconnecting in 5s...
[2026-09-16T20:42:12.620Z] Connecting to Deriv API...
[2026-09-16T20:42:13.680Z] WebSocket error: Unexpected server response: 401
[2026-09-16T20:42:13.682Z] ❌ Disconnected. Reconnecting in 5s...
[2026-09-16T20:42:18.685Z] Connecting to Deriv API...
[2026-09-16T20:42:19.817Z] WebSocket error: Unexpected server response: 401
[2026-09-16T20:42:19.823Z] ❌ Disconnected. Reconnecting in 5s...
[2026-09-16T20:42:24.830Z] Connecting to Deriv API...
[2026-09-16T20:42:25.928Z] WebSocket error: Unexpected server response: 401
[2026-09-16T20:42:25.930Z] ❌ Disconnected. Reconnecting in 5s...
[2026-09-16T20:42:30.941Z] Connecting to Deriv API...
[2026-09-16T20:42:32.015Z] WebSocket error: Unexpected server response: 401
[2026-09-16T20:42:32.025Z] ❌ Disconnected. Reconnecting in 5s...
[2026-09-16T20:42:37.038Z] Connecting to Deriv API...
[2026-09-16T20:42:38.067Z] WebSocket error: Unexpected server response: 401
[2026-09-16T20:42:38.075Z] ❌ Disconnected. Reconnecting in 5s...
[2026-09-16T20:42:43.080Z] Connecting to Deriv API...
[2026-09-16T20:42:44.250Z] WebSocket error: Unexpected server response: 401
[2026-09-16T20:42:44.252Z] ❌ Disconnected. Reconnecting in 5s...
[2026-09-16T20:42:49.264Z] Connecting to Deriv API...
[2026-09-16T20:42:50.629Z] WebSocket error: Unexpected server response: 401
[2026-09-16T20:42:50.648Z] ❌ Disconnected. Reconnecting in 5s...
[2026-09-16T20:42:55.675Z] Connecting to Deriv API...
[2026-09-16T20:42:57.052Z] WebSocket error: Unexpected server response: 401
[2026-09-16T20:42:57.056Z] ❌ Disconnected. Reconnecting in 5s...
[2026-09-16T20:43:02.061Z] Connecting to Deriv API...
[2026-09-16T20:43:03.143Z] WebSocket error: Unexpected server response: 401
[2026-09-16T20:43:03.146Z] ❌ Disconnected. Reconnecting in 5s...
[2026-09-16T20:43:08.161Z] Connecting to Deriv API...
[2026-09-16T20:43:09.493Z] WebSocket error: Unexpected server response: 401
[2026-09-16T20:43:09.496Z] ❌ Disconnected. Reconnecting in 5s...
[2026-09-16T20:43:14.506Z] Connecting to Deriv API...
[2026-09-16T20:43:15.942Z] WebSocket error: Unexpected server response: 401
[2026-09-16T20:43:15.946Z] ❌ Disconnected. Reconnecting in 5s...
[2026-09-16T20:43:20.962Z] Connecting to Deriv API...
[2026-09-16T20:43:22.223Z] WebSocket error: Unexpected server response: 401
[2026-09-16T20:43:22.224Z] ❌ Disconnected. Reconnecting in 5s...
[2026-09-16T20:43:27.238Z] Connecting to Deriv API...
[2026-09-16T20:43:28.318Z] WebSocket error: Unexpected server response: 401
[2026-09-16T20:43:28.320Z] ❌ Disconnected. Reconnecting in 5s...
[2026-09-16T20:43:33.325Z] Connecting to Deriv API...
[2026-09-16T20:43:35.361Z] WebSocket error: Unexpected server response: 401
[2026-09-16T20:43:35.363Z] ❌ Disconnected. Reconnecting in 5s...
[2026-09-16T20:43:40.376Z] Connecting to Deriv API...
[2026-09-16T20:43:41.568Z] WebSocket error: Unexpected server response: 401
[2026-09-16T20:43:41.570Z] ❌ Disconnected. Reconnecting in 5s...
[2026-09-16T20:43:46.586Z] Connecting to Deriv API...
[2026-09-16T20:43:47.621Z] WebSocket error: Unexpected server response: 401
[2026-09-16T20:43:47.624Z] ❌ Disconnected. Reconnecting in 5s...
[2026-09-16T20:43:52.641Z] Connecting to Deriv API...
[2026-09-16T20:43:53.716Z] WebSocket error: Unexpected server response: 401
[2026-09-16T20:43:53.718Z] ❌ Disconnected. Reconnecting in 5s...
[2026-09-16T20:43:58.733Z] Connecting to Deriv API...
[2026-09-16T20:44:07.281Z] WebSocket error: Unexpected server response: 401
[2026-09-16T20:44:07.283Z] ❌ Disconnected. Reconnecting in 5s...
[2026-09-16T20:44:12.291Z] Connecting to Deriv API...
[2026-09-16T20:44:13.359Z] WebSocket error: Unexpected server response: 401
[2026-09-16T20:44:13.370Z] ❌ Disconnected. Reconnecting in 5s...
[2026-09-16T20:44:18.377Z] Connecting to Deriv API...
[2026-09-16T20:44:19.462Z] WebSocket error: Unexpected server response: 401
[2026-09-16T20:44:19.467Z] ❌ Disconnected. Reconnecting in 5s...
[2026-09-16T20:44:24.478Z] Connecting to Deriv API...
[2026-09-16T20:44:25.699Z] WebSocket error: Unexpected server response: 401
[2026-09-16T20:44:25.704Z] ❌ Disconnected. Reconnecting in 5s...
[2026-09-16T20:44:30.718Z] Connecting to Deriv API...
[2026-09-16T20:44:31.775Z] WebSocket error: Unexpected server response: 401
[2026-09-16T20:44:31.779Z] ❌ Disconnected. Reconnecting in 5s...
[2026-09-16T20:44:36.794Z] Connecting to Deriv API...
[2026-09-16T20:44:37.885Z] WebSocket error: Unexpected server response: 401
[2026-09-16T20:44:37.888Z] ❌ Disconnected. Reconnecting in 5s...
[2026-09-16T20:44:42.903Z] Connecting to Deriv API...
[2026-09-16T20:44:44.039Z] WebSocket error: Unexpected server response: 401
[2026-09-16T20:44:44.044Z] ❌ Disconnected. Reconnecting in 5s...
[2026-09-16T20:44:49.050Z] Connecting to Deriv API...
[2026-09-16T20:44:50.126Z] WebSocket error: Unexpected server response: 401
[2026-09-16T20:44:50.136Z] ❌ Disconnected. Reconnecting in 5s...
[2026-09-16T20:44:55.145Z] Connecting to Deriv API...
[2026-09-16T20:44:56.277Z] WebSocket error: Unexpected server response: 401
[2026-09-16T20:44:56.279Z] ❌ Disconnected. Reconnecting in 5s...
[2026-09-16T20:45:01.290Z] Connecting to Deriv API...
[2026-09-16T20:45:03.655Z] WebSocket error: Unexpected server response: 401
[2026-09-16T20:45:03.660Z] ❌ Disconnected. Reconnecting in 5s...
[2026-09-16T20:45:08.673Z] Connecting to Deriv API...
[2026-09-16T20:45:09.715Z] WebSocket error: Unexpected server response: 401
[2026-09-16T20:45:09.719Z] ❌ Disconnected. Reconnecting in 5s...
[2026-09-16T20:45:14.725Z] Connecting to Deriv API...
[2026-09-16T20:45:16.105Z] WebSocket error: Unexpected server response: 401
[2026-09-16T20:45:16.109Z] ❌ Disconnected. Reconnecting in 5s...
[2026-09-16T20:45:21.126Z] Connecting to Deriv API...
[2026-09-16T20:45:22.615Z] WebSocket error: Unexpected server response: 401
[2026-09-16T20:45:22.617Z] ❌ Disconnected. Reconnecting in 5s...
[2026-09-16T20:45:27.621Z] Connecting to Deriv API...
[2026-09-16T20:45:28.687Z] WebSocket error: Unexpected server response: 401
[2026-09-16T20:45:28.689Z] ❌ Disconnected. Reconnecting in 5s...
[2026-09-16T20:45:33.698Z] Connecting to Deriv API...
[2026-09-16T20:45:34.767Z] WebSocket error: Unexpected server response: 401
[2026-09-16T20:45:34.770Z] ❌ Disconnected. Reconnecting in 5s...
[2026-09-16T20:45:39.779Z] Connecting to Deriv API...
[2026-09-16T20:45:40.785Z] WebSocket error: Unexpected server response: 401
[2026-09-16T20:45:40.788Z] ❌ Disconnected. Reconnecting in 5s...
[2026-09-16T20:45:45.794Z] Connecting to Deriv API...
[2026-09-16T20:45:46.843Z] WebSocket error: Unexpected server response: 401
[2026-09-16T20:45:46.846Z] ❌ Disconnected. Reconnecting in 5s...
[2026-09-16T20:45:51.855Z] Connecting to Deriv API...
[2026-09-16T20:45:53.236Z] WebSocket error: Unexpected server response: 401
[2026-09-16T20:45:53.238Z] ❌ Disconnected. Reconnecting in 5s...
[2026-09-16T20:45:58.239Z] Connecting to Deriv API...
[2026-09-16T20:45:59.290Z] WebSocket error: Unexpected server response: 401
[2026-09-16T20:45:59.296Z] ❌ Disconnected. Reconnecting in 5s...
[2026-09-16T20:46:04.307Z] Connecting to Deriv API...
[2026-09-16T20:46:05.292Z] WebSocket error: Unexpected server response: 401
[2026-09-16T20:46:05.298Z] ❌ Disconnected. Reconnecting in 5s...
[2026-09-16T20:46:10.317Z] Connecting to Deriv API...
[2026-09-16T20:46:11.635Z] WebSocket error: Unexpected server response: 401
[2026-09-16T20:46:11.638Z] ❌ Disconnected. Reconnecting in 5s...
[2026-09-16T20:46:16.646Z] Connecting to Deriv API...
[2026-09-16T20:46:17.960Z] WebSocket error: Unexpected server response: 401
[2026-09-16T20:46:17.970Z] ❌ Disconnected. Reconnecting in 5s...
[2026-09-16T20:46:22.978Z] Connecting to Deriv API...
[2026-09-16T20:46:25.236Z] WebSocket error: Unexpected server response: 401
[2026-09-16T20:46:25.239Z] ❌ Disconnected. Reconnecting in 5s...
[2026-09-16T20:46:30.253Z] Connecting to Deriv API...
[2026-09-16T20:46:31.326Z] WebSocket error: Unexpected server response: 401
[2026-09-16T20:46:31.335Z] ❌ Disconnected. Reconnecting in 5s...
[2026-09-16T20:46:36.347Z] Connecting to Deriv API...
[2026-09-16T20:46:37.422Z] WebSocket error: Unexpected server response: 401
[2026-09-16T20:46:37.445Z] ❌ Disconnected. Reconnecting in 5s...
[2026-09-16T20:46:42.460Z] Connecting to Deriv API...
[2026-09-16T20:46:43.450Z] WebSocket error: Unexpected server response: 401
[2026-09-16T20:46:43.452Z] ❌ Disconnected. Reconnecting in 5s...
[2026-09-16T20:46:48.463Z] Connecting to Deriv API...
[2026-09-16T20:46:49.533Z] WebSocket error: Unexpected server response: 401
[2026-09-16T20:46:49.538Z] ❌ Disconnected. Reconnecting in 5s...
[2026-09-16T20:46:54.557Z] Connecting to Deriv API...
[2026-09-16T20:46:55.645Z] WebSocket error: Unexpected server response: 401
[2026-09-16T20:46:55.649Z] ❌ Disconnected. Reconnecting in 5s...
[2026-09-16T20:47:00.658Z] Connecting to Deriv API...
[2026-09-16T20:47:01.683Z] WebSocket error: Unexpected server response: 401
[2026-09-16T20:47:01.698Z] ❌ Disconnected. Reconnecting in 5s...
[2026-09-16T20:47:06.714Z] Connecting to Deriv API...
[2026-09-16T20:47:07.760Z] WebSocket error: Unexpected server response: 401
[2026-09-16T20:47:07.766Z] ❌ Disconnected. Reconnecting in 5s...
[2026-09-16T20:47:12.779Z] Connecting to Deriv API...
[2026-09-16T20:47:14.163Z] WebSocket error: Unexpected server response: 401
[2026-09-16T20:47:14.165Z] ❌ Disconnected. Reconnecting in 5s...
[2026-09-16T20:47:19.177Z] Connecting to Deriv API...
[2026-09-16T20:47:20.232Z] WebSocket error: Unexpected server response: 401
[2026-09-16T20:47:20.234Z] ❌ Disconnected. Reconnecting in 5s...
[2026-09-16T20:47:25.315Z] Connecting to Deriv API...
[2026-09-16T20:47:26.435Z] WebSocket error: Unexpected server response: 401
[2026-09-16T20:47:26.448Z] ❌ Disconnected. Reconnecting in 5s...
[2026-09-16T20:47:31.457Z] Connecting to Deriv API...
[2026-09-16T20:47:34.163Z] WebSocket error: Unexpected server response: 401
[2026-09-16T20:47:34.175Z] ❌ Disconnected. Reconnecting in 5s...
[2026-09-16T20:47:39.250Z] Connecting to Deriv API...
[2026-09-16T20:47:40.255Z] WebSocket error: Unexpected server response: 401
[2026-09-16T20:47:40.257Z] ❌ Disconnected. Reconnecting in 5s...
[2026-09-16T20:47:45.258Z] Connecting to Deriv API...
[2026-09-16T20:47:46.240Z] WebSocket error: Unexpected server response: 401
[2026-09-16T20:47:46.249Z] ❌ Disconnected. Reconnecting in 5s...
[2026-09-16T20:47:51.256Z] Connecting to Deriv API...
[2026-09-16T20:47:52.290Z] WebSocket error: Unexpected server response: 401
[2026-09-16T20:47:52.296Z] ❌ Disconnected. Reconnecting in 5s...
[2026-09-16T20:47:57.306Z] Connecting to Deriv API...
[2026-09-16T20:47:58.378Z] WebSocket error: Unexpected server response: 401
[2026-09-16T20:47:58.383Z] ❌ Disconnected. Reconnecting in 5s...
[2026-09-16T20:48:03.390Z] Connecting to Deriv API...
[2026-09-16T20:48:04.452Z] WebSocket error: Unexpected server response: 401
[2026-09-16T20:48:04.455Z] ❌ Disconnected. Reconnecting in 5s...
[2026-09-16T20:48:09.459Z] Connecting to Deriv API...
[2026-09-16T20:48:10.572Z] WebSocket error: Unexpected server response: 401
[2026-09-16T20:48:10.574Z] ❌ Disconnected. Reconnecting in 5s...
[2026-09-16T20:48:15.580Z] Connecting to Deriv API...
[2026-09-16T20:48:16.900Z] WebSocket error: Unexpected server response: 401
[2026-09-16T20:48:16.910Z] ❌ Disconnected. Reconnecting in 5s...
[2026-09-16T20:48:21.920Z] Connecting to Deriv API...
[2026-09-16T20:48:22.997Z] WebSocket error: Unexpected server response: 401
[2026-09-16T20:48:23.002Z] ❌ Disconnected. Reconnecting in 5s...
[2026-09-16T20:48:28.017Z] Connecting to Deriv API...
[2026-09-16T20:48:29.039Z] WebSocket error: Unexpected server response: 401
[2026-09-16T20:48:29.043Z] ❌ Disconnected. Reconnecting in 5s...
[2026-09-16T20:48:34.058Z] Connecting to Deriv API...
[2026-09-16T20:48:35.113Z] WebSocket error: Unexpected server response: 401
[2026-09-16T20:48:35.116Z] ❌ Disconnected. Reconnecting in 5s...
[2026-09-16T20:48:40.130Z] Connecting to Deriv API...
[2026-09-16T20:48:41.213Z] WebSocket error: Unexpected server response: 401
[2026-09-16T20:48:41.216Z] ❌ Disconnected. Reconnecting in 5s...
[2026-09-16T20:48:46.222Z] Connecting to Deriv API...
[2026-09-16T20:48:47.261Z] WebSocket error: Unexpected server response: 401
[2026-09-16T20:48:47.265Z] ❌ Disconnected. Reconnecting in 5s...
[2026-09-16T20:48:52.272Z] Connecting to Deriv API...
[2026-09-16T20:48:53.328Z] WebSocket error: Unexpected server response: 401
[2026-09-16T20:48:53.355Z] ❌ Disconnected. Reconnecting in 5s...
[2026-09-16T20:48:58.386Z] Connecting to Deriv API...
[2026-09-16T20:48:59.466Z] WebSocket error: Unexpected server response: 401
[2026-09-16T20:48:59.481Z] ❌ Disconnected. Reconnecting in 5s...
[2026-09-16T20:49:04.491Z] Connecting to Deriv API...
[2026-09-16T20:49:05.647Z] WebSocket error: Unexpected server response: 401
[2026-09-16T20:49:05.732Z] ❌ Disconnected. Reconnecting in 5s...
[2026-09-16T20:49:10.819Z] Connecting to Deriv API...
[2026-09-16T20:49:11.842Z] WebSocket error: Unexpected server response: 401
[2026-09-16T20:49:11.843Z] ❌ Disconnected. Reconnecting in 5s...
[2026-09-16T20:49:16.860Z] Connecting to Deriv API...
[2026-09-16T20:49:17.949Z] WebSocket error: Unexpected server response: 401
[2026-09-16T20:49:17.958Z] ❌ Disconnected. Reconnecting in 5s...
[2026-09-16T20:49:22.970Z] Connecting to Deriv API...
[2026-09-16T20:49:24.317Z] WebSocket error: Unexpected server response: 401
[2026-09-16T20:49:24.321Z] ❌ Disconnected. Reconnecting in 5s...
[2026-09-16T20:49:29.331Z] Connecting to Deriv API...
[2026-09-16T20:49:31.611Z] WebSocket error: Unexpected server response: 401
[2026-09-16T20:49:31.613Z] ❌ Disconnected. Reconnecting in 5s...
[2026-09-16T20:49:36.626Z] Connecting to Deriv API...
[2026-09-16T20:49:37.694Z] WebSocket error: Unexpected server response: 401
[2026-09-16T20:49:37.696Z] ❌ Disconnected. Reconnecting in 5s...
[2026-09-16T20:49:42.711Z] Connecting to Deriv API...
[2026-09-16T20:49:44.089Z] WebSocket error: Unexpected server response: 401
[2026-09-16T20:49:44.094Z] ❌ Disconnected. Reconnecting in 5s...
[2026-09-16T20:49:49.104Z] Connecting to Deriv API...
[2026-09-16T20:49:50.483Z] WebSocket error: Unexpected server response: 401
[2026-09-16T20:49:50.485Z] ❌ Disconnected. Reconnecting in 5s...
[2026-09-16T20:49:55.490Z] Connecting to Deriv API...
[2026-09-16T20:49:56.836Z] WebSocket error: Unexpected server response: 401
[2026-09-16T20:49:56.842Z] ❌ Disconnected. Reconnecting in 5s...
[2026-09-16T20:50:01.849Z] Connecting to Deriv API...
[2026-09-16T20:50:05.156Z] WebSocket error: Unexpected server response: 401
[2026-09-16T20:50:05.161Z] ❌ Disconnected. Reconnecting in 5s...
[2026-09-16T20:50:10.172Z] Connecting to Deriv API...
[2026-09-16T20:50:11.557Z] WebSocket error: Unexpected server response: 401
[2026-09-16T20:50:11.625Z] ❌ Disconnected. Reconnecting in 5s...
[2026-09-16T20:50:16.642Z] Connecting to Deriv API...
[2026-09-16T20:50:17.718Z] WebSocket error: Unexpected server response: 401
[2026-09-16T20:50:17.720Z] ❌ Disconnected. Reconnecting in 5s...
[2026-09-16T20:50:22.726Z] Connecting to Deriv API...
[2026-09-16T20:50:23.729Z] WebSocket error: Unexpected server response: 401
[2026-09-16T20:50:23.735Z] ❌ Disconnected. Reconnecting in 5s...
[2026-09-16T20:50:28.762Z] Connecting to Deriv API...
[2026-09-16T20:50:30.108Z] WebSocket error: Unexpected server response: 401
[2026-09-16T20:50:30.124Z] ❌ Disconnected. Reconnecting in 5s...
[2026-09-16T20:50:35.153Z] Connecting to Deriv API...
[2026-09-16T20:50:36.454Z] WebSocket error: Unexpected server response: 401
[2026-09-16T20:50:36.522Z] ❌ Disconnected. Reconnecting in 5s...
[2026-09-16T20:50:41.534Z] Connecting to Deriv API...
[2026-09-16T20:50:42.567Z] WebSocket error: Unexpected server response: 401
[2026-09-16T20:50:42.568Z] ❌ Disconnected. Reconnecting in 5s...
[2026-09-16T20:50:47.578Z] Connecting to Deriv API...
[2026-09-16T20:50:49.031Z] WebSocket error: Unexpected server response: 401
[2026-09-16T20:50:49.033Z] ❌ Disconnected. Reconnecting in 5s...
[2026-09-16T20:50:54.036Z] Connecting to Deriv API...
[2026-09-16T20:50:55.375Z] WebSocket error: Unexpected server response: 401
[2026-09-16T20:50:55.379Z] ❌ Disconnected. Reconnecting in 5s...
[2026-09-16T20:51:00.389Z] Connecting to Deriv API...
[2026-09-16T20:51:02.204Z] WebSocket error: Unexpected server response: 401
[2026-09-16T20:51:02.207Z] ❌ Disconnected. Reconnecting in 5s...
[2026-09-16T20:51:07.217Z] Connecting to Deriv API...
[2026-09-16T20:51:09.254Z] WebSocket error: Unexpected server response: 401
[2026-09-16T20:51:09.256Z] ❌ Disconnected. Reconnecting in 5s...
[2026-09-16T20:51:14.273Z] Connecting to Deriv API...
[2026-09-16T20:51:16.101Z] WebSocket error: Unexpected server response: 401
[2026-09-16T20:51:16.107Z] ❌ Disconnected. Reconnecting in 5s...
[2026-09-16T20:51:21.118Z] Connecting to Deriv API...
[2026-09-16T20:51:22.157Z] WebSocket error: Unexpected server response: 401
[2026-09-16T20:51:22.161Z] ❌ Disconnected. Reconnecting in 5s...
[2026-09-16T20:51:27.170Z] Connecting to Deriv API...
[2026-09-16T20:51:28.313Z] WebSocket error: Unexpected server response: 401
[2026-09-16T20:51:28.315Z] ❌ Disconnected. Reconnecting in 5s...
[2026-09-16T20:51:33.319Z] Connecting to Deriv API...
[2026-09-16T20:51:34.479Z] WebSocket error: Unexpected server response: 401
[2026-09-16T20:51:34.481Z] ❌ Disconnected. Reconnecting in 5s...
[2026-09-16T20:51:39.485Z] Connecting to Deriv API...
[2026-09-16T20:51:40.560Z] WebSocket error: Unexpected server response: 401
[2026-09-16T20:51:40.562Z] ❌ Disconnected. Reconnecting in 5s...
[2026-09-16T20:51:45.565Z] Connecting to Deriv API...
[2026-09-16T20:51:46.601Z] WebSocket error: Unexpected server response: 401
[2026-09-16T20:51:46.603Z] ❌ Disconnected. Reconnecting in 5s...
[2026-09-16T20:51:51.609Z] Connecting to Deriv API...
[2026-09-16T20:51:52.656Z] WebSocket error: Unexpected server response: 401
[2026-09-16T20:51:52.671Z] ❌ Disconnected. Reconnecting in 5s...
[2026-09-16T20:51:57.683Z] Connecting to Deriv API...
[2026-09-16T20:51:59.054Z] WebSocket error: Unexpected server response: 401
[2026-09-16T20:51:59.058Z] ❌ Disconnected. Reconnecting in 5s...
[2026-09-16T20:52:04.077Z] Connecting to Deriv API...
[2026-09-16T20:52:05.402Z] WebSocket error: Unexpected server response: 401
[2026-09-16T20:52:05.404Z] ❌ Disconnected. Reconnecting in 5s...
[2026-09-16T20:52:10.417Z] Connecting to Deriv API...
[2026-09-16T20:52:11.538Z] WebSocket error: Unexpected server response: 401
[2026-09-16T20:52:11.550Z] ❌ Disconnected. Reconnecting in 5s...
[2026-09-16T20:52:16.582Z] Connecting to Deriv API...
[2026-09-16T20:52:17.611Z] WebSocket error: Unexpected server response: 401
[2026-09-16T20:52:17.614Z] ❌ Disconnected. Reconnecting in 5s...
[2026-09-16T20:52:22.622Z] Connecting to Deriv API...
[2026-09-16T20:52:23.692Z] WebSocket error: Unexpected server response: 401
[2026-09-16T20:52:23.694Z] ❌ Disconnected. Reconnecting in 5s...
[2026-09-16T20:52:28.706Z] Connecting to Deriv API...
[2026-09-16T20:52:29.840Z] WebSocket error: Unexpected server response: 401
[2026-09-16T20:52:29.868Z] ❌ Disconnected. Reconnecting in 5s...
[2026-09-16T20:52:34.876Z] Connecting to Deriv API...
[2026-09-16T20:52:35.947Z] WebSocket error: Unexpected server response: 401
[2026-09-16T20:52:36.023Z] ❌ Disconnected. Reconnecting in 5s...
[2026-09-16T20:52:41.052Z] Connecting to Deriv API...
[2026-09-16T20:52:42.397Z] WebSocket error: Unexpected server response: 401
[2026-09-16T20:52:42.400Z] ❌ Disconnected. Reconnecting in 5s...
[2026-09-16T20:52:47.405Z] Connecting to Deriv API...
[2026-09-16T20:52:48.444Z] WebSocket error: Unexpected server response: 401
[2026-09-16T20:52:48.446Z] ❌ Disconnected. Reconnecting in 5s...
[2026-09-16T20:52:53.456Z] Connecting to Deriv API...
[2026-09-16T20:52:54.554Z] WebSocket error: Unexpected server response: 401
[2026-09-16T20:52:54.556Z] ❌ Disconnected. Reconnecting in 5s...
[2026-09-16T20:52:59.607Z] Connecting to Deriv API...
[2026-09-16T20:53:00.802Z] WebSocket error: Unexpected server response: 401
[2026-09-16T20:53:00.804Z] ❌ Disconnected. Reconnecting in 5s...
[2026-09-16T20:53:05.906Z] Connecting to Deriv API...
[2026-09-16T20:53:07.700Z] WebSocket error: Unexpected server response: 401
[2026-09-16T20:53:07.710Z] ❌ Disconnected. Reconnecting in 5s...
[2026-09-16T20:53:12.721Z] Connecting to Deriv API...
[2026-09-16T20:53:14.032Z] WebSocket error: Unexpected server response: 401
[2026-09-16T20:53:14.037Z] ❌ Disconnected. Reconnecting in 5s...
[2026-09-16T20:53:19.045Z] Connecting to Deriv API...
[2026-09-16T20:53:20.100Z] WebSocket error: Unexpected server response: 401
[2026-09-16T20:53:20.103Z] ❌ Disconnected. Reconnecting in 5s...
[2026-09-16T20:53:25.113Z] Connecting to Deriv API...
[2026-09-16T20:53:26.163Z] WebSocket error: Unexpected server response: 401
[2026-09-16T20:53:26.166Z] ❌ Disconnected. Reconnecting in 5s...
[2026-09-16T20:53:31.179Z] Connecting to Deriv API...
[2026-09-16T20:53:32.323Z] WebSocket error: Unexpected server response: 401
[2026-09-16T20:53:32.325Z] ❌ Disconnected. Reconnecting in 5s...
[2026-09-16T20:53:37.339Z] Connecting to Deriv API...
[2026-09-16T20:53:38.649Z] WebSocket error: Unexpected server response: 401
[2026-09-16T20:53:38.652Z] ❌ Disconnected. Reconnecting in 5s...
[2026-09-16T20:53:43.661Z] Connecting to Deriv API...
[2026-09-16T20:53:45.033Z] WebSocket error: Unexpected server response: 401
[2026-09-16T20:53:45.036Z] ❌ Disconnected. Reconnecting in 5s...
[2026-09-16T20:53:50.040Z] Connecting to Deriv API...
[2026-09-16T20:53:51.167Z] WebSocket error: Unexpected server response: 401
[2026-09-16T20:53:51.169Z] ❌ Disconnected. Reconnecting in 5s...
[2026-09-16T20:53:56.175Z] Connecting to Deriv API...
[2026-09-16T20:53:57.202Z] WebSocket error: Unexpected server response: 401
[2026-09-16T20:53:57.210Z] ❌ Disconnected. Reconnecting in 5s...
[2026-09-16T20:54:02.223Z] Connecting to Deriv API...
[2026-09-16T20:54:03.263Z] WebSocket error: Unexpected server response: 401
[2026-09-16T20:54:03.267Z] ❌ Disconnected. Reconnecting in 5s...
[2026-09-16T20:54:08.285Z] Connecting to Deriv API...
[2026-09-16T20:54:09.347Z] WebSocket error: Unexpected server response: 401
[2026-09-16T20:54:09.427Z] ❌ Disconnected. Reconnecting in 5s...
[2026-09-16T20:54:14.441Z] Connecting to Deriv API...
[2026-09-16T20:54:15.500Z] WebSocket error: Unexpected server response: 401
[2026-09-16T20:54:15.504Z] ❌ Disconnected. Reconnecting in 5s...
[2026-09-16T20:54:20.518Z] Connecting to Deriv API...
[2026-09-16T20:54:21.577Z] WebSocket error: Unexpected server response: 401
[2026-09-16T20:54:21.581Z] ❌ Disconnected. Reconnecting in 5s...
[2026-09-16T20:54:26.588Z] Connecting to Deriv API...
[2026-09-16T20:54:27.728Z] WebSocket error: Unexpected server response: 401
[2026-09-16T20:54:27.730Z] ❌ Disconnected. Reconnecting in 5s...
[2026-09-16T20:54:32.738Z] Connecting to Deriv API...
[2026-09-16T20:54:34.002Z] WebSocket error: Unexpected server response: 401
[2026-09-16T20:54:34.005Z] ❌ Disconnected. Reconnecting in 5s...
[2026-09-16T20:54:39.081Z] Connecting to Deriv API...
[2026-09-16T20:54:40.399Z] WebSocket error: Unexpected server response: 401
[2026-09-16T20:54:40.408Z] ❌ Disconnected. Reconnecting in 5s...
[2026-09-16T20:54:45.420Z] Connecting to Deriv API...
[2026-09-16T20:54:46.734Z] WebSocket error: Unexpected server response: 401
[2026-09-16T20:54:46.735Z] ❌ Disconnected. Reconnecting in 5s...
[2026-09-16T20:54:51.759Z] Connecting to Deriv API...
[2026-09-16T20:54:52.983Z] WebSocket error: Unexpected server response: 401
[2026-09-16T20:54:52.999Z] ❌ Disconnected. Reconnecting in 5s...
[2026-09-16T20:54:58.010Z] Connecting to Deriv API...
[2026-09-16T20:54:59.047Z] WebSocket error: Unexpected server response: 401
[2026-09-16T20:54:59.051Z] ❌ Disconnected. Reconnecting in 5s...
[2026-09-16T20:55:04.057Z] Connecting to Deriv API...
[2026-09-16T20:55:05.493Z] WebSocket error: Unexpected server response: 401
[2026-09-16T20:55:05.497Z] ❌ Disconnected. Reconnecting in 5s...
[2026-09-16T20:55:10.509Z] Connecting to Deriv API...
[2026-09-16T20:55:11.572Z] WebSocket error: Unexpected server response: 401
[2026-09-16T20:55:11.574Z] ❌ Disconnected. Reconnecting in 5s...
[2026-09-16T20:55:16.582Z] Connecting to Deriv API...
[2026-09-16T20:55:17.754Z] WebSocket error: Unexpected server response: 401
[2026-09-16T20:55:17.756Z] ❌ Disconnected. Reconnecting in 5s...
[2026-09-16T20:55:22.759Z] Connecting to Deriv API...
[2026-09-16T20:55:23.874Z] WebSocket error: Unexpected server response: 401
[2026-09-16T20:55:23.877Z] ❌ Disconnected. Reconnecting in 5s...
[2026-09-16T20:55:28.892Z] Connecting to Deriv API...
[2026-09-16T20:55:29.925Z] WebSocket error: Unexpected server response: 401
[2026-09-16T20:55:29.926Z] ❌ Disconnected. Reconnecting in 5s...
[2026-09-16T20:55:34.937Z] Connecting to Deriv API...
[2026-09-16T20:55:36.744Z] WebSocket error: Unexpected server response: 401
[2026-09-16T20:55:36.749Z] ❌ Disconnected. Reconnecting in 5s...
[2026-09-16T20:55:41.764Z] Connecting to Deriv API...
[2026-09-16T20:55:43.151Z] WebSocket error: Unexpected server response: 401
[2026-09-16T20:55:43.158Z] ❌ Disconnected. Reconnecting in 5s...
[2026-09-16T20:55:48.176Z] Connecting to Deriv API...
[2026-09-16T20:55:51.039Z] WebSocket error: Unexpected server response: 401
[2026-09-16T20:55:51.043Z] ❌ Disconnected. Reconnecting in 5s...
[2026-09-16T20:55:56.051Z] Connecting to Deriv API...
[2026-09-16T20:55:57.154Z] WebSocket error: Unexpected server response: 401
[2026-09-16T20:55:57.156Z] ❌ Disconnected. Reconnecting in 5s...
[2026-09-16T20:56:02.167Z] Connecting to Deriv API...
[2026-09-16T20:56:03.552Z] WebSocket error: Unexpected server response: 401
[2026-09-16T20:56:03.556Z] ❌ Disconnected. Reconnecting in 5s...
[2026-09-16T20:56:08.565Z] Connecting to Deriv API...
[2026-09-16T20:56:09.636Z] WebSocket error: Unexpected server response: 401
[2026-09-16T20:56:09.643Z] ❌ Disconnected. Reconnecting in 5s...
[2026-09-16T20:56:14.657Z] Connecting to Deriv API...
[2026-09-16T20:56:16.668Z] WebSocket error: Unexpected server response: 401
[2026-09-16T20:56:16.672Z] ❌ Disconnected. Reconnecting in 5s...
[2026-09-16T20:56:21.678Z] Connecting to Deriv API...
[2026-09-16T20:56:22.978Z] WebSocket error: Unexpected server response: 401
[2026-09-16T20:56:22.986Z] ❌ Disconnected. Reconnecting in 5s...
[2026-09-16T20:58:48.185Z] ═══════════════════════════════════════════
[2026-09-16T20:58:48.205Z]   DERIV VIX 75 BOT — RSI + EMA Strategy
[2026-09-16T20:58:48.206Z] ═══════════════════════════════════════════
[2026-09-16T20:58:48.208Z] Symbol: R_75
[2026-09-16T20:58:48.209Z] Account type: demo
[2026-09-16T20:58:48.210Z] API: New Deriv OTP-based WebSocket
[2026-09-16T20:58:48.211Z] Timeframe: 300s
[2026-09-16T20:58:48.212Z] Risk: 5% ($0.50) per trade
[2026-09-16T20:58:48.214Z] Multiplier: x50
[2026-09-16T20:58:48.215Z] Max daily trades: 4
[2026-09-16T20:58:48.216Z] Stop after 2 consecutive losses
[2026-09-16T20:58:48.217Z] ═══════════════════════════════════════════

[2026-09-16T20:58:48.218Z] ⚠️  STOP: Set DERIV_API_TOKEN in .env file!
[2026-09-16T20:58:48.219Z]    Get PAT from: home.deriv.com → Settings → API Token
[2026-09-16T21:00:04.365Z] ═══════════════════════════════════════════
[2026-09-16T21:00:04.368Z]   DERIV VIX 75 BOT — RSI + EMA Strategy
[2026-09-16T21:00:04.370Z] ═══════════════════════════════════════════
[2026-09-16T21:00:04.371Z] Symbol: R_75
[2026-09-16T21:00:04.373Z] Account type: demo
[2026-09-16T21:00:04.374Z] API: New Deriv OTP-based WebSocket
[2026-09-16T21:00:04.375Z] Timeframe: 300s
[2026-09-16T21:00:04.376Z] Risk: 5% ($0.50) per trade
[2026-09-16T21:00:04.378Z] Multiplier: x50
[2026-09-16T21:00:04.379Z] Max daily trades: 4
[2026-09-16T21:00:04.380Z] Stop after 2 consecutive losses
[2026-09-16T21:00:04.381Z] ═══════════════════════════════════════════

[2026-09-16T21:00:04.383Z] ⚠️  Google Sheets not configured — skipping
[2026-09-16T21:00:04.385Z] 🔍 Looking up your Options trading account...
[2026-09-16T21:00:06.437Z] ✅ Account: DOT93074967 | Type: demo | Balance: $10000.00
[2026-09-16T21:00:06.452Z] 🔑 Requesting OTP...
[2026-09-16T21:00:07.071Z] Connecting to WebSocket...
[2026-09-16T21:00:08.173Z] ✅ Connected & authenticated
[2026-09-16T21:00:08.182Z] 📡 Subscribed to R_75 300s candles
[2026-09-16T21:00:08.606Z] 📊 Loaded 100 historical candles
[2026-09-16T21:00:09.038Z] [10:00:08 PM] EMA fast=45321.48 slow=45302.54 RSI=53.5
[2026-09-16T21:04:58.983Z] [10:04:58 PM] EMA fast=45370.09 slow=45327.35 RSI=57.4
[2026-09-16T21:10:00.588Z] [10:10:00 PM] EMA fast=45438.74 slow=45363.72 RSI=61.7
[2026-09-16T23:00:01.775Z] 
🔄 Daily reset — counters cleared
[2026-09-16T23:50:36.129Z] ═══════════════════════════════════════════
[2026-09-16T23:50:36.162Z]   DERIV VIX 75 BOT — RSI + EMA Strategy
[2026-09-16T23:50:36.163Z] ═══════════════════════════════════════════
[2026-09-16T23:50:36.166Z] Symbol: R_75
[2026-09-16T23:50:36.167Z] Account type: demo
[2026-09-16T23:50:36.167Z] API: New Deriv OTP-based WebSocket
[2026-09-16T23:50:36.170Z] Timeframe: 60s
[2026-09-16T23:50:36.173Z] Risk: 5% ($0.50) per trade
[2026-09-16T23:50:36.175Z] Multiplier: x50
[2026-09-16T23:50:36.177Z] Max daily trades: 6
[2026-09-16T23:50:36.178Z] Stop after 2 consecutive losses
[2026-09-16T23:50:36.178Z] ═══════════════════════════════════════════

[2026-09-16T23:50:36.181Z] ⚠️  Google Sheets not configured — skipping
[2026-09-16T23:50:36.183Z] 🔍 Looking up your Options trading account...
[2026-09-16T23:50:37.777Z] ✅ Account: DOT93074967 | Type: demo | Balance: $10000.00
[2026-09-16T23:50:37.783Z] 🔑 Requesting OTP...
[2026-09-16T23:50:38.317Z] Connecting to WebSocket...
[2026-09-16T23:50:39.364Z] ✅ Connected & authenticated
[2026-09-16T23:50:39.372Z] 📡 Subscribed to R_75 60s candles
[2026-09-16T23:50:39.793Z] 📊 Loaded 100 historical candles
[2026-09-16T23:50:40.595Z] [12:50:40 AM] EMA fast=45777.64 slow=45753.00 RSI=56.0
[2026-09-16T23:51:00.593Z] [12:51:00 AM] EMA fast=45788.26 slow=45760.15 RSI=56.8
[2026-09-16T23:52:00.376Z] [12:52:00 AM] EMA fast=45820.96 slow=45778.33 RSI=61.3
[2026-09-16T23:53:00.356Z] [12:53:00 AM] EMA fast=45826.29 slow=45784.41 RSI=58.7
[2026-09-16T23:54:00.439Z] [12:54:00 AM] EMA fast=45841.90 slow=45795.50 RSI=60.5
[2026-09-16T23:55:00.398Z] [12:55:00 AM] EMA fast=45866.62 slow=45811.28 RSI=64.2
[2026-09-16T23:56:00.392Z] [12:56:00 AM] EMA fast=45875.31 slow=45820.19 RSI=61.6
[2026-09-16T23:57:00.353Z] [12:57:00 AM] EMA fast=45880.28 slow=45827.33 RSI=60.6
[2026-09-16T23:58:00.335Z] [12:58:00 AM] EMA fast=45857.24 slow=45820.86 RSI=51.9
[2026-09-16T23:59:00.360Z] [12:59:00 AM] EMA fast=45812.59 slow=45802.84 RSI=42.3
[2026-09-17T00:00:00.681Z] [1:00:00 AM] EMA fast=45802.39 slow=45799.33 RSI=44.5
